
> evemange-platform@0.1.0 test:integration:analytics:local
> DATABASE_URL="$(grep '^DATABASE_URL=' apps/api/.env | cut -d'=' -f2-)" JWT_ACCESS_SECRET="$(grep '^JWT_ACCESS_SECRET=' apps/api/.env | cut -d'=' -f2-)" JWT_REFRESH_SECRET="$(grep '^JWT_REFRESH_SECRET=' apps/api/.env | cut -d'=' -f2-)" npm run test:integration:analytics


> evemange-platform@0.1.0 test:integration:analytics
> npm run test:integration:analytics -w @evemange/api


> @evemange/api@0.1.0 test:integration:analytics
> vitest run src/modules/analytics/analytics.integration.test.ts --fileParallelism=false

[33mThe CJS build of Vite's Node API is deprecated. See https://vite.dev/guide/troubleshooting.html#vite-cjs-node-api-deprecated for more details.[39m

 RUN  v2.1.9 /Users/fitsum/EventRegistration/EveMange/apps/api

stdout | src/modules/analytics/analytics.integration.test.ts > Analytics dashboard integration (MySQL) > returns dashboard KPIs, trends, event performance, and usher performance
badge-delivery-link queued for a@analytics.org (Registrant A) on Analytics Event: http://localhost:5001/public/badges/download?path=badges%2F0acb932c-08f3-4cfd-822e-162ac0ea2c69%2Fde608198-7a9b-4a61-9902-8b751a1bdb24.txt&expires=1778270297584&sig=859bd623017f4e3130222a72c7327ca34d4fda4bc8f5ddc359d65d2f07b8b4ae

 ✓ src/modules/analytics/analytics.integration.test.ts (6 tests) 4518ms
   ✓ Analytics dashboard integration (MySQL) > returns dashboard KPIs, trends, event performance, and usher performance 1119ms
   ✓ Analytics dashboard integration (MySQL) > allows org admin to queue and list export reports 704ms
   ✓ Analytics dashboard integration (MySQL) > forbids org staff from queueing export reports 510ms
   ✓ Analytics dashboard integration (MySQL) > generates signed report download link and serves public report artifact 663ms
   ✓ Analytics dashboard integration (MySQL) > returns consistent analytics under larger seeded dataset within expected response bounds 1185ms

 Test Files  1 passed (1)
      Tests  6 passed (6)
   Start at  21:58:14
   Duration  6.42s (transform 352ms, setup 30ms, collect 1.40s, tests 4.52s, environment 0ms, prepare 141ms)

