
> evemange-platform@0.1.0 test:integration:analytics:local
> DATABASE_URL="$(grep '^DATABASE_URL=' apps/api/.env | cut -d'=' -f2-)" JWT_ACCESS_SECRET="$(grep '^JWT_ACCESS_SECRET=' apps/api/.env | cut -d'=' -f2-)" JWT_REFRESH_SECRET="$(grep '^JWT_REFRESH_SECRET=' apps/api/.env | cut -d'=' -f2-)" npm run test:integration:analytics


> evemange-platform@0.1.0 test:integration:analytics
> npm run test:integration:analytics -w @evemange/api


> @evemange/api@0.1.0 test:integration:analytics
> vitest run src/modules/analytics/analytics.integration.test.ts --fileParallelism=false

[33mThe CJS build of Vite's Node API is deprecated. See https://vite.dev/guide/troubleshooting.html#vite-cjs-node-api-deprecated for more details.[39m

 RUN  v2.1.9 /Users/fitsum/EventRegistration/EveMange/apps/api

stdout | src/modules/analytics/analytics.integration.test.ts > Analytics dashboard integration (MySQL) > returns dashboard KPIs, trends, event performance, and usher performance
badge-delivery-link queued for a@analytics.org (Registrant A) on Analytics Event: http://localhost:5001/public/badges/download?path=badges%2F873bb682-a57e-490f-ae08-d9bda2827e0c%2F46e28f74-632e-4757-aa8b-9ed93408ae69.txt&expires=1778270287055&sig=8ba5a99bdaa29acaec9429632ee0591485296ce8beb0502324f331d272ec25dc

 ✓ src/modules/analytics/analytics.integration.test.ts (6 tests) 4527ms
   ✓ Analytics dashboard integration (MySQL) > returns dashboard KPIs, trends, event performance, and usher performance 1088ms
   ✓ Analytics dashboard integration (MySQL) > allows org admin to queue and list export reports 549ms
   ✓ Analytics dashboard integration (MySQL) > forbids org staff from queueing export reports 520ms
   ✓ Analytics dashboard integration (MySQL) > generates signed report download link and serves public report artifact 868ms
   ✓ Analytics dashboard integration (MySQL) > returns consistent analytics under larger seeded dataset within expected response bounds 1223ms

 Test Files  1 passed (1)
      Tests  6 passed (6)
   Start at  21:58:03
   Duration  6.45s (transform 353ms, setup 30ms, collect 1.42s, tests 4.53s, environment 0ms, prepare 141ms)

